18:26:42  Kestrel started
18:26:42  Configuration loaded
18:26:48  Automation stopped
18:26:48  Automation stopped
18:26:50  Automation stopped
18:26:51  Automation paused
18:26:52  Automation paused
18:26:53  Automation paused
18:26:56  Opened config.json
18:26:59  Automation started
18:27:01  Cycle #001 started
18:27:21  Opened config.json
18:27:26  Kestrel shut down
18:27:53  Kestrel started
18:27:53  Configuration loaded
18:28:08  Configuration reloaded
18:28:09  Configuration reloaded
18:28:11  Configuration reloaded
18:28:11  Configuration reloaded
18:28:12  Configuration reloaded
18:28:13  Configuration reloaded
18:28:14  Configuration reloaded
18:28:14  Configuration reloaded
18:28:14  Configuration reloaded
18:28:14  Configuration reloaded
18:28:16  Configuration reloaded
18:28:16  Configuration reloaded
18:28:16  Configuration reloaded
18:28:17  Configuration reloaded
18:28:17  Configuration reloaded
18:28:30  Automation started
18:28:31  Automation stopped
18:28:35  Opened config.json
18:28:43  Configuration reloaded
18:29:04  Automation started
18:29:04  Cycle #001 started
18:29:08  Cycle #001 completed
18:29:13  Cycle #002 started
18:29:17  Cycle #002 completed
18:29:24  Automation started
18:29:26  Automation stopped
18:29:42  Configuration reloaded
18:29:43  Automation started
18:29:43  Automation started
18:29:45  Automation started
18:29:47  Cycle #003 started
18:29:49  Cycle #003 completed
18:29:54  Cycle #004 started
18:29:56  Cycle #004 completed
18:30:01  Cycle #005 started
18:30:03  Cycle #005 completed
18:30:08  Cycle #006 started
18:30:10  Cycle #006 completed
18:30:15  Cycle #007 started
18:30:17  Cycle #007 completed
18:30:22  Cycle #008 started
18:30:24  Cycle #008 completed
18:30:29  Automation started
18:30:29  Automation stopped
